gthr-default.h:229:1:int __gthread_key_delete(__gthread_key_t)	16	static
main.cpp:101:5:int main()	16	static
main.cpp:295:6:void SystemClock_Config()	72	static
main.cpp:334:13:void MX_TIM1_Init()	32	static
main.cpp:380:13:void MX_USART1_UART_Init()	8	static
main.cpp:413:13:void MX_USART2_UART_Init()	8	static
main.cpp:446:13:void MX_USART3_UART_Init()	8	static
main.cpp:479:13:void MX_GPIO_Init()	40	static
main.cpp:524:6:void Error_Handler()	4	static,ignoring_inline_asm
main.cpp:533:1:void __static_initialization_and_destruction_0(int, int)	16	static
main.cpp:533:1:cpp)	8	static
