stm32f1xx_it.cpp:78:6:void NMI_Handler()	4	static
stm32f1xx_it.cpp:93:6:void HardFault_Handler()	4	static
stm32f1xx_it.cpp:108:6:void MemManage_Handler()	4	static
stm32f1xx_it.cpp:123:6:void BusFault_Handler()	4	static
stm32f1xx_it.cpp:138:6:void UsageFault_Handler()	4	static
stm32f1xx_it.cpp:153:6:void SVC_Handler()	4	static
stm32f1xx_it.cpp:166:6:void DebugMon_Handler()	4	static
stm32f1xx_it.cpp:179:6:void PendSV_Handler()	4	static
stm32f1xx_it.cpp:192:6:void SysTick_Handler()	8	static
stm32f1xx_it.cpp:213:6:void TIM1_UP_IRQHandler()	8	static
stm32f1xx_it.cpp:232:6:void USART1_IRQHandler()	8	static
stm32f1xx_it.cpp:246:6:void USART2_IRQHandler()	8	static
stm32f1xx_it.cpp:260:6:void USART3_IRQHandler()	8	static
